// Vitest Snapshot v1, https://vitest.dev/guide/snapshot.html

exports[`Faq > should display the items expected 1`] = `
<DocumentFragment>
  <div
    class="bg-sky-100"
    data-testid="sub-nav-header"
  >
    <div
      class="max-w-screen-xl m-auto px-4 lg:px-8"
    >
      <div
        class="flex items-center"
      >
        <div
          class="flex align-middle py-4"
        >
          <h1
            class="text-xl font-medium"
          >
            Frequently Asked Questions
          </h1>
        </div>
      </div>
    </div>
  </div>
  <section
    class="block md:flex md:flex-row max-w-screen-xl m-auto px-4 lg:px-8 pt-8 gap-10"
  >
    <div
      class="flex-1"
    >
      <article
        class="mb-8"
      >
        <button
          aria-controls="faq-accordions"
          aria-expanded="false"
          class="inline-flex items-center justify-center rounded-md text-[16px] ring-offset-background transition-colors focus-visible:outline-none focus-visible:ring-2 focus-visible:ring-ring focus-visible:ring-offset-2 disabled:pointer-events-none border-2 border-primary text-primary font-bold disabled:opacity-50 h-10 px-4 py-2 w-full xs:w-fit hover:bg-transparent mb-5"
          data-testid="expand-all"
          id="expand-all-btn"
        >
          Expand all to search with CTRL + F
        </button>
        <div
          data-orientation="vertical"
          id="faq-accordions"
        >
          <article
            class="mb-8"
          >
            <h2
              class="text-2xl mb-4 text-primary"
            >
              Section 1
            </h2>
            <div
              class="border-b"
              data-orientation="vertical"
              data-state="open"
              data-testid="q1"
              id="q1"
            >
              <h3
                class="flex"
                data-orientation="vertical"
                data-state="open"
              >
                <button
                  aria-controls="radix-:rh:"
                  aria-expanded="true"
                  class="flex flex-1 items-center justify-between py-4 font-medium transition-all [&[data-state=open]>svg]:rotate-180 text-left"
                  data-orientation="vertical"
                  data-radix-collection-item=""
                  data-state="open"
                  id="radix-:rg:"
                  type="button"
                >
                  <div
                    class="flex items-center gap-2"
                  >
                    <span
                      class="hover:underline"
                    >
                      What is FAQ 1?
                    </span>
                  </div>
                  <svg
                    class="lucide lucide-chevron-down h-4 w-4 shrink-0 transition-transform duration-200"
                    fill="none"
                    height="24"
                    stroke="currentColor"
                    stroke-linecap="round"
                    stroke-linejoin="round"
                    stroke-width="2"
                    viewBox="0 0 24 24"
                    width="24"
                    xmlns="http://www.w3.org/2000/svg"
                  >
                    <path
                      d="m6 9 6 6 6-6"
                    />
                  </svg>
                </button>
              </h3>
              <div
                aria-labelledby="radix-:rg:"
                class="text-sm transition-all px-3"
                data-orientation="vertical"
                data-state="open"
                id="radix-:rh:"
                role="region"
                style="--radix-accordion-content-height: var(--radix-collapsible-content-height); --radix-accordion-content-width: var(--radix-collapsible-content-width);"
              >
                <div
                  class="pb-4 pt-0"
                >
                  <p>
                    Answer 1
                  </p>
                </div>
              </div>
            </div>
            <div
              class="border-b"
              data-orientation="vertical"
              data-state="closed"
              data-testid="q2"
              id="q2"
            >
              <h3
                class="flex"
                data-orientation="vertical"
                data-state="closed"
              >
                <button
                  aria-controls="radix-:rj:"
                  aria-expanded="false"
                  class="flex flex-1 items-center justify-between py-4 font-medium transition-all [&[data-state=open]>svg]:rotate-180 text-left"
                  data-orientation="vertical"
                  data-radix-collection-item=""
                  data-state="closed"
                  id="radix-:ri:"
                  type="button"
                >
                  <div
                    class="flex items-center gap-2"
                  >
                    <span
                      class="hover:underline"
                    >
                      What is FAQ 2?
                    </span>
                  </div>
                  <svg
                    class="lucide lucide-chevron-down h-4 w-4 shrink-0 transition-transform duration-200"
                    fill="none"
                    height="24"
                    stroke="currentColor"
                    stroke-linecap="round"
                    stroke-linejoin="round"
                    stroke-width="2"
                    viewBox="0 0 24 24"
                    width="24"
                    xmlns="http://www.w3.org/2000/svg"
                  >
                    <path
                      d="m6 9 6 6 6-6"
                    />
                  </svg>
                </button>
              </h3>
              <div
                aria-labelledby="radix-:ri:"
                class="text-sm transition-all px-3"
                data-orientation="vertical"
                data-state="closed"
                hidden=""
                id="radix-:rj:"
                role="region"
                style="--radix-accordion-content-height: var(--radix-collapsible-content-height); --radix-accordion-content-width: var(--radix-collapsible-content-width);"
              />
            </div>
          </article>
        </div>
      </article>
    </div>
    <div>
      <div
        class="my-6 flex flex-col sticky top-5"
      >
        <div
          class="h-2 shadow-lg"
          style="border-radius: 3px 3px 0px 0px; height: 8px;"
        />
        <div
          class="flex-1 border border-t-0 rounded-b-sm border-slate-300"
        >
          <div
            class="p-4"
          >
            <h3
              class="text-lg text-bold mb-4"
            >
              OneMAC Help Desk Contact Info
            </h3>
            <div>
              <b>
                Phone Number
              </b>
              <p
                class="mb-4 text-primary"
              >
                <a
                  class="underline"
                  href="tel:(833) 228-2540"
                >
                  (833) 228-2540
                </a>
              </p>
              <b>
                Email
              </b>
              <p
                class="text-primary"
              >
                <a
                  class="underline"
                  href="mailto:OneMAC_Helpdesk@cms.hhs.gov"
                >
                  OneMAC_Helpdesk@cms.hhs.gov
                </a>
              </p>
            </div>
          </div>
        </div>
      </div>
    </div>
  </section>
</DocumentFragment>
`;
